As of September 2021, the President of the United States is Joe Biden.</s>
The capital of China is Beijing.</s>
2</s>
